		<table class="reportTable"><tr class="reportTableHeader"><td style="text-align: center; vertical-align: middle" colspan="1" rowspan="1" >
	col 0
</td><td style="text-align: center; vertical-align: middle" colspan="1" rowspan="1" >
	col 1
</td><td style="text-align: center; vertical-align: middle" colspan="1" rowspan="1" >
	col 2
</td><td style="text-align: center; vertical-align: middle" colspan="1" rowspan="1" >
	col 3
</td><td style="text-align: center; vertical-align: middle" colspan="1" rowspan="1" >
	col 4
</td><td style="text-align: center; vertical-align: middle" colspan="1" rowspan="1" >
	col 5
</td></tr><tr class="even" >

<td style="text-align: center; vertical-align: middle" colspan="1" rowspan="1" >
	1
</td>
<td style="text-align: center; vertical-align: middle" colspan="1" rowspan="1" >
	2
</td>
<td style="text-align: center; vertical-align: middle" colspan="1" rowspan="1" >
	3
</td>
<td style="text-align: center; vertical-align: middle" colspan="1" rowspan="1" >
	4
</td>
<td style="text-align: center; vertical-align: middle" colspan="1" rowspan="1" >
	5
</td>
<td style="text-align: center; vertical-align: middle" colspan="1" rowspan="1" >
	6
</td>
</tr><tr class="odd" >

<td style="text-align: center; vertical-align: middle" colspan="1" rowspan="1" >
	1
</td>
<td style="text-align: center; vertical-align: middle" colspan="1" rowspan="1" >
	2
</td>
<td style="text-align: center; vertical-align: middle" colspan="1" rowspan="1" >
	3
</td>
<td style="text-align: center; vertical-align: middle" colspan="1" rowspan="1" >
	3
</td>
<td style="text-align: center; vertical-align: middle" colspan="1" rowspan="1" >
	3
</td>
<td style="text-align: center; vertical-align: middle" colspan="1" rowspan="1" >
	3
</td>
</tr><tr class="even" >

<td style="text-align: left; vertical-align: middle" colspan="1" rowspan="1" >
	Count Total 3
</td>
<td style="text-align: center; vertical-align: middle" colspan="1" rowspan="1" >
	 
</td>
<td style="text-align: center; vertical-align: middle" colspan="1" rowspan="1" >
	 
</td>
<td style="text-align: center; vertical-align: middle" colspan="1" rowspan="1" >
	 
</td>
<td style="text-align: center; vertical-align: middle" colspan="1" rowspan="1" >
	2
</td>
<td style="text-align: center; vertical-align: middle" colspan="1" rowspan="1" >
	9
</td>
</tr><tr class="odd" >

<td style="text-align: center; vertical-align: middle" colspan="1" rowspan="1" >
	1
</td>
<td style="text-align: center; vertical-align: middle" colspan="1" rowspan="1" >
	2
</td>
<td style="text-align: center; vertical-align: middle" colspan="1" rowspan="1" >
	2
</td>
<td style="text-align: center; vertical-align: middle" colspan="1" rowspan="1" >
	2
</td>
<td style="text-align: center; vertical-align: middle" colspan="1" rowspan="1" >
	2
</td>
<td style="text-align: center; vertical-align: middle" colspan="1" rowspan="1" >
	2
</td>
</tr><tr class="even" >

<td style="text-align: left; vertical-align: middle" colspan="1" rowspan="1" >
	Count Total 2
</td>
<td style="text-align: center; vertical-align: middle" colspan="1" rowspan="1" >
	 
</td>
<td style="text-align: center; vertical-align: middle" colspan="1" rowspan="1" >
	 
</td>
<td style="text-align: center; vertical-align: middle" colspan="1" rowspan="1" >
	 
</td>
<td style="text-align: center; vertical-align: middle" colspan="1" rowspan="1" >
	1
</td>
<td style="text-align: center; vertical-align: middle" colspan="1" rowspan="1" >
	2
</td>
</tr><tr class="odd" >

<td style="text-align: left; vertical-align: middle" colspan="1" rowspan="1" >
	Count Total 2
</td>
<td style="text-align: center; vertical-align: middle" colspan="1" rowspan="1" >
	 
</td>
<td style="text-align: center; vertical-align: middle" colspan="1" rowspan="1" >
	 
</td>
<td style="text-align: center; vertical-align: middle" colspan="1" rowspan="1" >
	 
</td>
<td style="text-align: center; vertical-align: middle" colspan="1" rowspan="1" >
	3
</td>
<td style="text-align: center; vertical-align: middle" colspan="1" rowspan="1" >
	11
</td>
</tr><tr class="even" >

<td style="text-align: center; vertical-align: middle" colspan="1" rowspan="1" >
	1
</td>
<td style="text-align: center; vertical-align: middle" colspan="1" rowspan="1" >
	1
</td>
<td style="text-align: center; vertical-align: middle" colspan="1" rowspan="1" >
	1
</td>
<td style="text-align: center; vertical-align: middle" colspan="1" rowspan="1" >
	1
</td>
<td style="text-align: center; vertical-align: middle" colspan="1" rowspan="1" >
	1
</td>
<td style="text-align: center; vertical-align: middle" colspan="1" rowspan="1" >
	1
</td>
</tr><tr class="odd" >

<td style="text-align: center; vertical-align: middle" colspan="1" rowspan="1" >
	1
</td>
<td style="text-align: center; vertical-align: middle" colspan="1" rowspan="1" >
	1
</td>
<td style="text-align: center; vertical-align: middle" colspan="1" rowspan="1" >
	1
</td>
<td style="text-align: center; vertical-align: middle" colspan="1" rowspan="1" >
	1
</td>
<td style="text-align: center; vertical-align: middle" colspan="1" rowspan="1" >
	1
</td>
<td style="text-align: center; vertical-align: middle" colspan="1" rowspan="1" >
	1
</td>
</tr><tr class="even" >

<td style="text-align: left; vertical-align: middle" colspan="1" rowspan="1" >
	Count Total 1
</td>
<td style="text-align: center; vertical-align: middle" colspan="1" rowspan="1" >
	 
</td>
<td style="text-align: center; vertical-align: middle" colspan="1" rowspan="1" >
	 
</td>
<td style="text-align: center; vertical-align: middle" colspan="1" rowspan="1" >
	 
</td>
<td style="text-align: center; vertical-align: middle" colspan="1" rowspan="1" >
	2
</td>
<td style="text-align: center; vertical-align: middle" colspan="1" rowspan="1" >
	2
</td>
</tr><tr class="odd" >

<td style="text-align: left; vertical-align: middle" colspan="1" rowspan="1" >
	Count Total 1
</td>
<td style="text-align: center; vertical-align: middle" colspan="1" rowspan="1" >
	 
</td>
<td style="text-align: center; vertical-align: middle" colspan="1" rowspan="1" >
	 
</td>
<td style="text-align: center; vertical-align: middle" colspan="1" rowspan="1" >
	 
</td>
<td style="text-align: center; vertical-align: middle" colspan="1" rowspan="1" >
	2
</td>
<td style="text-align: center; vertical-align: middle" colspan="1" rowspan="1" >
	2
</td>
</tr><tr class="even" >

<td style="text-align: left; vertical-align: middle" colspan="1" rowspan="1" >
	Count Total 1
</td>
<td style="text-align: center; vertical-align: middle" colspan="1" rowspan="1" >
	 
</td>
<td style="text-align: center; vertical-align: middle" colspan="1" rowspan="1" >
	 
</td>
<td style="text-align: center; vertical-align: middle" colspan="1" rowspan="1" >
	 
</td>
<td style="text-align: center; vertical-align: middle" colspan="1" rowspan="1" >
	5
</td>
<td style="text-align: center; vertical-align: middle" colspan="1" rowspan="1" >
	13
</td>
</tr><tr class="odd" >

<td style="text-align: center; vertical-align: middle" colspan="1" rowspan="1" >
	7
</td>
<td style="text-align: center; vertical-align: middle" colspan="1" rowspan="1" >
	1
</td>
<td style="text-align: center; vertical-align: middle" colspan="1" rowspan="1" >
	1
</td>
<td style="text-align: center; vertical-align: middle" colspan="1" rowspan="1" >
	1
</td>
<td style="text-align: center; vertical-align: middle" colspan="1" rowspan="1" >
	7
</td>
<td style="text-align: center; vertical-align: middle" colspan="1" rowspan="1" >
	1
</td>
</tr><tr class="even" >

<td style="text-align: left; vertical-align: middle" colspan="1" rowspan="1" >
	Count Total 1
</td>
<td style="text-align: center; vertical-align: middle" colspan="1" rowspan="1" >
	 
</td>
<td style="text-align: center; vertical-align: middle" colspan="1" rowspan="1" >
	 
</td>
<td style="text-align: center; vertical-align: middle" colspan="1" rowspan="1" >
	 
</td>
<td style="text-align: center; vertical-align: middle" colspan="1" rowspan="1" >
	1
</td>
<td style="text-align: center; vertical-align: middle" colspan="1" rowspan="1" >
	1
</td>
</tr><tr class="odd" >

<td style="text-align: left; vertical-align: middle" colspan="1" rowspan="1" >
	Count Total 1
</td>
<td style="text-align: center; vertical-align: middle" colspan="1" rowspan="1" >
	 
</td>
<td style="text-align: center; vertical-align: middle" colspan="1" rowspan="1" >
	 
</td>
<td style="text-align: center; vertical-align: middle" colspan="1" rowspan="1" >
	 
</td>
<td style="text-align: center; vertical-align: middle" colspan="1" rowspan="1" >
	1
</td>
<td style="text-align: center; vertical-align: middle" colspan="1" rowspan="1" >
	1
</td>
</tr><tr class="even" >

<td style="text-align: left; vertical-align: middle" colspan="1" rowspan="1" >
	Count Total 7
</td>
<td style="text-align: center; vertical-align: middle" colspan="1" rowspan="1" >
	 
</td>
<td style="text-align: center; vertical-align: middle" colspan="1" rowspan="1" >
	 
</td>
<td style="text-align: center; vertical-align: middle" colspan="1" rowspan="1" >
	 
</td>
<td style="text-align: center; vertical-align: middle" colspan="1" rowspan="1" >
	1
</td>
<td style="text-align: center; vertical-align: middle" colspan="1" rowspan="1" >
	1
</td>
</tr><tr class="odd" >

<td style="text-align: left; vertical-align: middle" colspan="1" rowspan="1" >
	Grand Count Total 
</td>
<td style="text-align: center; vertical-align: middle" colspan="1" rowspan="1" >
	 
</td>
<td style="text-align: center; vertical-align: middle" colspan="1" rowspan="1" >
	 
</td>
<td style="text-align: center; vertical-align: middle" colspan="1" rowspan="1" >
	 
</td>
<td style="text-align: center; vertical-align: middle" colspan="1" rowspan="1" >
	6
</td>
<td style="text-align: center; vertical-align: middle" colspan="1" rowspan="1" >
	14
</td>
</tr>		</table>
		